// Jest Snapshot v1, https://goo.gl/fbAQLP

exports[`should render LoginPage correctly 1`] = `
<div
  className="box-layout"
>
  <div
    className="box-layout__box"
  >
    <h1
      className="box-layout__title"
    >
      Expesify
    </h1>
    <p>
      Get control over your expenses!
    </p>
    <button
      className="button button--login"
    >
      Login with Google
    </button>
    <button
      className="button button--login"
    >
      Check as Anonymous
    </button>
  </div>
</div>
`;
